2026-09-17T03:21:49.974-03:00  INFO 22308 --- [main] org.gotson.komga.DesktopApplicationKt    : Starting DesktopApplicationKt using Java 23.0.2 with PID 22308 (C:\Users\calig\Documents\Projetos\Nexus\komga\runtime\app\komga-tray-1.26.3.jar started by calig in C:\Users\calig\Documents\Projetos\Nexus\komga\runtime\bin)
2026-09-17T03:21:49.982-03:00  INFO 22308 --- [main] org.gotson.komga.DesktopApplicationKt    : The following 1 profile is active: "windows"
2026-09-17T03:21:57.402-03:00  INFO 22308 --- [main] com.zaxxer.hikari.HikariDataSource       : SqliteMainPoolRW - Starting...
2026-09-17T03:22:05.885-03:00  INFO 22308 --- [main] com.zaxxer.hikari.pool.HikariPool        : SqliteMainPoolRW - Added connection org.sqlite.jdbc4.JDBC4Connection@50d91a0f
2026-09-17T03:22:05.888-03:00  INFO 22308 --- [main] com.zaxxer.hikari.HikariDataSource       : SqliteMainPoolRW - Start completed.
2026-09-17T03:22:06.308-03:00  INFO 22308 --- [main] org.flywaydb.core.FlywayExecutor         : Database: jdbc:sqlite:C:\Users\calig\Documents\Projetos\Nexus\komga\config/database.sqlite (SQLite 3.53)
2026-09-17T03:22:06.442-03:00  INFO 22308 --- [main] o.f.c.i.s.JdbcTableSchemaHistory         : Schema history table "main"."flyway_schema_history" does not exist yet
2026-09-17T03:22:06.454-03:00  INFO 22308 --- [main] o.f.core.internal.command.DbValidate     : Successfully validated 91 migrations (execution time 00:00.094s)
2026-09-17T03:22:06.465-03:00  INFO 22308 --- [main] o.f.c.i.s.JdbcTableSchemaHistory         : Creating Schema History table "main"."flyway_schema_history" ...
2026-09-17T03:22:06.539-03:00  INFO 22308 --- [main] o.f.core.internal.command.DbMigrate      : Current version of schema "main": << Empty Schema >>
2026-09-17T03:22:06.584-03:00  INFO 22308 --- [main] o.f.core.internal.command.DbMigrate      : Migrating schema "main" to version "20200706141854 - initial migration"
2026-09-17T03:22:06.619-03:00  INFO 22308 --- [main] o.f.core.internal.command.DbMigrate      : Migrating schema "main" to version "20200730135746 - image dimension"
2026-09-17T03:22:06.636-03:00  INFO 22308 --- [main] o.f.core.internal.command.DbMigrate      : Migrating schema "main" to version "20200810154729 - thumbnails part 1"
2026-09-17T03:22:06.646-03:00  INFO 22308 --- [main] o.f.core.internal.command.DbMigrate      : Migrating schema "main" to version "20200810154730 - thumbnails part 2"
2026-09-17T03:22:06.685-03:00  INFO 22308 --- [main] o.f.core.internal.command.DbMigrate      : Migrating schema "main" to version "20200810165912 - thumbnails part 3" [non-transactional]
2026-09-17T03:22:06.723-03:00  INFO 22308 --- [main] o.f.core.internal.command.DbMigrate      : Migrating schema "main" to version "20200812161631 - thumbnails series"
2026-09-17T03:22:06.734-03:00  INFO 22308 --- [main] o.f.core.internal.command.DbMigrate      : Migrating schema "main" to version "20200814142406 - library scan options"
2026-09-17T03:22:06.757-03:00  INFO 22308 --- [main] o.f.core.internal.command.DbMigrate      : Migrating schema "main" to version "20200814145800 - library import local artwork"
2026-09-17T03:22:06.770-03:00  INFO 22308 --- [main] o.f.core.internal.command.DbMigrate      : Migrating schema "main" to version "20200817115957 - readlists"
2026-09-17T03:22:06.785-03:00  INFO 22308 --- [main] o.f.core.internal.command.DbMigrate      : Migrating schema "main" to version "20200820141405 - metadata fields part 1"
2026-09-17T03:22:06.800-03:00  INFO 22308 --- [main] o.f.core.internal.command.DbMigrate      : Migrating schema "main" to version "20200820150923 - metadata fields part 2"
2026-09-17T03:22:06.813-03:00  INFO 22308 --- [main] o.f.core.internal.command.DbMigrate      : Migrating schema "main" to version "20200820154318 - metadata fields part 3" [non-transactional]
2026-09-17T03:22:06.850-03:00  INFO 22308 --- [main] o.f.core.internal.command.DbMigrate      : Migrating schema "main" to version "20200827103627 - index"
2026-09-17T03:22:06.862-03:00  INFO 22308 --- [main] o.f.core.internal.command.DbMigrate      : Migrating schema "main" to version "20200906115600 - lower trim tags"
2026-09-17T03:22:06.885-03:00  INFO 22308 --- [main] o.f.core.internal.command.DbMigrate      : Migrating schema "main" to version "20210111113543 - book metadata aggregation"
2026-09-17T03:22:06.895-03:00  INFO 22308 --- [main] o.f.core.internal.command.DbMigrate      : Migrating schema "main" to version "20210308163522 - book isbn"
2026-09-17T03:22:06.916-03:00  INFO 22308 --- [main] o.f.core.internal.command.DbMigrate      : Migrating schema "main" to version "20210504171645 - library convert to cbz"
2026-09-17T03:22:06.925-03:00  INFO 22308 --- [main] o.f.core.internal.command.DbMigrate      : Migrating schema "main" to version "20210505150806 - library repair extensions"
2026-09-17T03:22:06.936-03:00  INFO 22308 --- [main] o.f.core.internal.command.DbMigrate      : Migrating schema "main" to version "20210517145427 - fix rar"
2026-09-17T03:22:06.949-03:00  INFO 22308 --- [main] o.f.core.internal.command.DbMigrate      : Migrating schema "main" to version "20210525172240 - index"
2026-09-17T03:22:06.961-03:00  INFO 22308 --- [main] o.f.core.internal.command.DbMigrate      : Migrating schema "main" to version "20210526113555 - series book count"
2026-09-17T03:22:06.980-03:00  INFO 22308 --- [main] o.f.core.internal.command.DbMigrate      : Migrating schema "main" to version "20210527100741 - index book created"
2026-09-17T03:22:06.993-03:00  INFO 22308 --- [main] o.f.core.internal.command.DbMigrate      : Migrating schema "main" to version "20210609165742 - sidecars"
2026-09-17T03:22:07.002-03:00  INFO 22308 --- [main] o.f.core.internal.command.DbMigrate      : Migrating schema "main" to version "20210617114814 - sidecar cleanup"
2026-09-17T03:22:07.009-03:00  INFO 22308 --- [main] o.f.core.internal.command.DbMigrate      : Migrating schema "main" to version "20210624165023 - missing series metadata"
2026-09-17T03:22:07.018-03:00  INFO 22308 --- [main] o.f.core.internal.command.DbMigrate      : Migrating schema "main" to version "20210625155626 - authentication activity"
2026-09-17T03:22:07.029-03:00  INFO 22308 --- [main] o.f.core.internal.command.DbMigrate      : Migrating schema "main" to version "20210706162229 - trash bin"
2026-09-17T03:22:07.049-03:00  INFO 22308 --- [main] o.f.core.internal.command.DbMigrate      : Migrating schema "main" to version "20210716153910 - library import mylar metadata"
2026-09-17T03:22:07.058-03:00  INFO 22308 --- [main] o.f.core.internal.command.DbMigrate      : Migrating schema "main" to version "20210726140759 - cover preference"
2026-09-17T03:22:07.073-03:00  INFO 22308 --- [main] o.f.core.internal.command.DbMigrate      : Migrating schema "main" to version "20210727102041 - full text search"
2026-09-17T03:22:07.103-03:00  INFO 22308 --- [main] o.f.core.internal.command.DbMigrate      : Migrating schema "main" to version "20210729173532 - series metadata total book count"
2026-09-17T03:22:07.115-03:00  INFO 22308 --- [main] o.f.core.internal.command.DbMigrate      : Migrating schema "main" to version "20210730111835 - book metadata aggregation tag"
2026-09-17T03:22:07.125-03:00  INFO 22308 --- [main] o.f.core.internal.command.DbMigrate      : Migrating schema "main" to version "20210730151147 - readlist summary"
2026-09-17T03:22:07.137-03:00  INFO 22308 --- [main] o.f.core.internal.command.DbMigrate      : Migrating schema "main" to version "20210805174355 - remove full text search"
2026-09-17T03:22:07.152-03:00  INFO 22308 --- [main] o.f.core.internal.command.DbMigrate      : Migrating schema "main" to version "20210816113108 - library unavailable"
2026-09-17T03:22:07.162-03:00  INFO 22308 --- [main] o.f.core.internal.command.DbMigrate      : Migrating schema "main" to version "20210831113524 - temp table urls"
2026-09-17T03:22:07.175-03:00  INFO 22308 --- [main] o.f.core.internal.command.DbMigrate      : Migrating schema "main" to version "20210902100930 - series thumbnail blob"
2026-09-17T03:22:07.191-03:00  INFO 22308 --- [main] o.f.core.internal.command.DbMigrate      : Migrating schema "main" to version "20210906163333 - series metadata lowercase language"
2026-09-17T03:22:07.201-03:00  INFO 22308 --- [main] o.f.core.internal.command.DbMigrate      : Migrating schema "main" to version "20210907115532 - spring session"
2026-09-17T03:22:07.212-03:00  INFO 22308 --- [main] o.f.core.internal.command.DbMigrate      : Migrating schema "main" to version "20210914111439 - read progress read date"
2026-09-17T03:22:07.225-03:00  INFO 22308 --- [main] o.f.core.internal.command.DbMigrate      : Migrating schema "main" to version "20210926222612 - authentication activity source"
2026-09-17T03:22:07.242-03:00  INFO 22308 --- [main] o.f.core.internal.command.DbMigrate      : Migrating schema "main" to version "20211006141333 - remove spring session"
2026-09-17T03:22:07.251-03:00  INFO 22308 --- [main] o.f.core.internal.command.DbMigrate      : Migrating schema "main" to version "20211206100610 - temp table ids"
2026-09-17T03:22:07.260-03:00  INFO 22308 --- [main] o.f.core.internal.command.DbMigrate      : Migrating schema "main" to version "20211206124920 - collection and readlist thumbnails"
2026-09-17T03:22:07.271-03:00  INFO 22308 --- [main] o.f.core.internal.command.DbMigrate      : Migrating schema "main" to version "20211228152113 - book metadata link"
2026-09-17T03:22:07.279-03:00  INFO 22308 --- [main] o.f.core.internal.command.DbMigrate      : Migrating schema "main" to version "20220101120232 - page hash"
2026-09-17T03:22:07.296-03:00  INFO 22308 --- [main] o.f.core.internal.command.DbMigrate      : Migrating schema "main" to version "20220105143154 - library hashing options"
2026-09-17T03:22:07.309-03:00  INFO 22308 --- [main] o.f.core.internal.command.DbMigrate      : Migrating schema "main" to version "20220106143755 - page file size"
2026-09-17T03:22:07.318-03:00  INFO 22308 --- [main] o.f.core.internal.command.DbMigrate      : Migrating schema "main" to version "20220128152310 - page hash"
2026-09-17T03:22:07.326-03:00  INFO 22308 --- [main] o.f.core.internal.command.DbMigrate      : Migrating schema "main" to version "20220208193203 - fix books with missing pages"
2026-09-17T03:22:07.334-03:00  INFO 22308 --- [main] o.f.core.internal.command.DbMigrate      : Migrating schema "main" to version "20220218111455 - historical events"
2026-09-17T03:22:07.343-03:00  INFO 22308 --- [main] o.f.core.internal.command.DbMigrate      : Migrating schema "main" to version "20220224112015 - series sharing labels"
2026-09-17T03:22:07.354-03:00  INFO 22308 --- [main] o.f.core.internal.command.DbMigrate      : Migrating schema "main" to version "20220225164240 - user restrictions"
2026-09-17T03:22:07.367-03:00  INFO 22308 --- [main] o.f.core.internal.command.DbMigrate      : Migrating schema "main" to version "20220715213721 - perf indices"
2026-09-17T03:22:07.377-03:00  INFO 22308 --- [main] o.f.core.internal.command.DbMigrate      : Migrating schema "main" to version "20230112151202 - library comicinfo append volume"
2026-09-17T03:22:07.389-03:00  INFO 22308 --- [main] o.f.core.internal.command.DbMigrate      : Migrating schema "main" to version "20230113140806 - series metadata link"
2026-09-17T03:22:07.402-03:00  INFO 22308 --- [main] o.f.core.internal.command.DbMigrate      : Migrating schema "main" to version "20230116112647 - series alternate title"
2026-09-17T03:22:07.411-03:00  INFO 22308 --- [main] o.f.core.internal.command.DbMigrate      : Migrating schema "main" to version "20230221170726 - readlist ordered"
2026-09-17T03:22:07.425-03:00  INFO 22308 --- [main] o.f.core.internal.command.DbMigrate      : Migrating schema "main" to version "20230310121946 - series metadata index"
2026-09-17T03:22:07.436-03:00  INFO 22308 --- [main] o.f.core.internal.command.DbMigrate      : Migrating schema "main" to version "20230626150454 - xxhash128"
2026-09-17T03:22:07.444-03:00  INFO 22308 --- [main] o.f.core.internal.command.DbMigrate      : Migrating schema "main" to version "20230626151717 - missing page size"
2026-09-17T03:22:07.452-03:00  INFO 22308 --- [main] o.f.core.internal.command.DbMigrate      : Migrating schema "main" to version "20230626170856 - page hash remove columns"
2026-09-17T03:22:07.466-03:00  INFO 22308 --- [main] o.f.core.internal.command.DbMigrate      : Migrating schema "main" to version "20230629114356 - remove library scandeep column"
2026-09-17T03:22:07.476-03:00  INFO 22308 --- [main] o.f.core.internal.command.DbMigrate      : Migrating schema "main" to version "20230711173700 - read announcements"
2026-09-17T03:22:07.487-03:00  INFO 22308 --- [main] o.f.core.internal.command.DbMigrate      : Migrating schema "main" to version "20230724114349 - oneshots"
2026-09-17T03:22:07.500-03:00  INFO 22308 --- [main] o.f.core.internal.command.DbMigrate      : Migrating schema "main" to version "20230801104436 - fix incorrect language codes"
2026-09-17T03:22:07.508-03:00  INFO 22308 --- [main] o.f.core.internal.command.DbMigrate      : Migrating schema "main" to version "20230918114751 - library settings"
2026-09-17T03:22:07.524-03:00  INFO 22308 --- [main] o.f.core.internal.command.DbMigrate      : Migrating schema "main" to version "20230921112923 - library directory exclusions"
2026-09-17T03:22:07.537-03:00  INFO 22308 --- [main] o.f.core.internal.command.DbMigrate      : Migrating schema "main" to version "20230922143307 - server settings"
2026-09-17T03:22:07.551-03:00  INFO 22308 --- [main] o.f.core.internal.command.DbMigrate      : Migrating schema "main" to version "20231005165322 - thumbnails additional info"
2026-09-17T03:22:07.575-03:00  INFO 22308 --- [main] o.f.core.internal.command.DbMigrate      : Migrating schema "main" to version "20231026164836 - thumbnail book indices"
2026-09-17T03:22:07.584-03:00  INFO 22308 --- [main] o.f.core.internal.command.DbMigrate      : Migrating schema "main" to version "20231115163730 - analyze pdf"
2026-09-17T03:22:07.591-03:00  INFO 22308 --- [main] o.f.core.internal.command.DbMigrate      : Migrating schema "main" to version "20231116162048 - epub"
2026-09-17T03:22:07.608-03:00  INFO 22308 --- [main] o.f.core.internal.command.DbMigrate      : Migrating schema "main" to version "20231201115954 - media extension blob"
2026-09-17T03:22:07.622-03:00  INFO 22308 --- [main] o.f.core.internal.command.DbMigrate      : Migrating schema "main" to version "20231206152158 - progression"
2026-09-17T03:22:07.633-03:00  INFO 22308 --- [main] o.f.core.internal.command.DbMigrate      : Migrating schema "main" to version "20231213170042 - cleanup empty thumbnails"
2026-09-17T03:22:07.639-03:00  INFO 22308 --- [main] o.f.core.internal.command.DbMigrate      : Migrating schema "main" to version "20231214152305 - epub divina compatibility"
2026-09-17T03:22:07.649-03:00  INFO 22308 --- [main] o.f.core.internal.command.DbMigrate      : Migrating schema "main" to version "20231214163213 - reanalyze epub"
2026-09-17T03:22:07.659-03:00  INFO 22308 --- [main] o.f.core.internal.command.DbMigrate      : Migrating schema "main" to version "20240422132621 - fix read progress locators"
2026-09-17T03:22:07.670-03:00  INFO 22308 --- [main] o.f.core.internal.command.DbMigrate      : Migrating schema "main" to version "20240529120933 - apikey"
2026-09-17T03:22:07.686-03:00  INFO 22308 --- [main] o.f.core.internal.command.DbMigrate      : Migrating schema "main" to version "20240529120934 - syncpoint"
2026-09-17T03:22:07.697-03:00  INFO 22308 --- [main] o.f.core.internal.command.DbMigrate      : Migrating schema "main" to version "20240614170012 - user kobo role"
2026-09-17T03:22:07.707-03:00  INFO 22308 --- [main] o.f.core.internal.command.DbMigrate      : Migrating schema "main" to version "20240906152500 - read progress series read date"
2026-09-17T03:22:07.719-03:00  INFO 22308 --- [main] o.f.core.internal.command.DbMigrate      : Migrating schema "main" to version "20240909112827 - syncpoint readlists"
2026-09-17T03:22:07.731-03:00  INFO 22308 --- [main] o.f.core.internal.command.DbMigrate      : Migrating schema "main" to version "20240911175419 - kepub"
2026-09-17T03:22:07.741-03:00  INFO 22308 --- [main] o.f.core.internal.command.DbMigrate      : Migrating schema "main" to version "20240925174446 - syncpoint covers"
2026-09-17T03:22:07.751-03:00  INFO 22308 --- [main] o.f.core.internal.command.DbMigrate      : Migrating schema "main" to version "20250108115503 - user roles" [non-transactional]
2026-09-17T03:22:07.797-03:00  INFO 22308 --- [main] o.f.core.internal.command.DbMigrate      : Migrating schema "main" to version "20250108172343 - koreader hash"
2026-09-17T03:22:07.809-03:00  INFO 22308 --- [main] o.f.core.internal.command.DbMigrate      : Migrating schema "main" to version "20250205151235 - client settings"
2026-09-17T03:22:07.819-03:00  INFO 22308 --- [main] o.f.core.internal.command.DbMigrate      : Migrating schema "main" to version "20250730173126 - remove temp string table"
2026-09-17T03:22:07.825-03:00  INFO 22308 --- [main] o.f.core.internal.command.DbMigrate      : Migrating schema "main" to version "20260225161438 - tags view"
2026-09-17T03:22:07.849-03:00  INFO 22308 --- [main] o.f.core.internal.command.DbMigrate      : Successfully applied 91 migrations to schema "main", now at version v20260225161438 (execution time 00:00.327s)
2026-09-17T03:22:09.010-03:00  INFO 22308 --- [main] com.zaxxer.hikari.HikariDataSource       : SqliteMainPoolRO - Starting...
2026-09-17T03:22:09.022-03:00  INFO 22308 --- [main] com.zaxxer.hikari.pool.HikariPool        : SqliteMainPoolRO - Added connection org.sqlite.jdbc4.JDBC4Connection@41d6d6c4
2026-09-17T03:22:09.023-03:00  INFO 22308 --- [main] com.zaxxer.hikari.HikariDataSource       : SqliteMainPoolRO - Start completed.
2026-09-17T03:22:09.956-03:00  INFO 22308 --- [main] o.j.i.D.logVersionSupport                : Version                  : Database version is supported by dialect SQLDialect.SQLITE: 3.53.2
2026-09-17T03:22:10.507-03:00  INFO 22308 --- [main] o.s.b.w.embedded.tomcat.TomcatWebServer  : Tomcat initialized with port 25600 (http)
2026-09-17T03:22:10.573-03:00  INFO 22308 --- [main] o.apache.catalina.core.StandardService   : Starting service [Tomcat]
2026-09-17T03:22:10.574-03:00  INFO 22308 --- [main] o.apache.catalina.core.StandardEngine    : Starting Servlet engine: [Apache Tomcat/10.1.55]
2026-09-17T03:22:10.922-03:00  INFO 22308 --- [main] o.a.c.c.C.[Tomcat].[localhost].[/]       : Initializing Spring embedded WebApplicationContext
2026-09-17T03:22:10.924-03:00  INFO 22308 --- [main] w.s.c.ServletWebServerApplicationContext : Root WebApplicationContext: initialization completed in 20770 ms
2026-09-17T03:22:11.751-03:00  INFO 22308 --- [main] o.g.k.i.kobo.KepubConverter              : Kepub conversion available. kepubify path: kepubify.exe
2026-09-17T03:22:11.958-03:00  INFO 22308 --- [main] c.g.g.n.h.i.plugins.HeifLibraryLoader    : Loaded libheif v1.17.5
2026-09-17T03:22:12.095-03:00  INFO 22308 --- [main] c.g.g.n.w.i.plugins.WebpImageReaderSpi   : Loaded libwebp: decoder v1.3.2, demux v1.3.2
2026-09-17T03:22:12.130-03:00  INFO 22308 --- [main] c.g.g.n.j.i.plugins.JxlImageReaderSpi    : Loaded libjxl v0.8.2
2026-09-17T03:22:12.141-03:00  INFO 22308 --- [main] o.g.k.i.image.ImageConverter             : Supported read formats: [JPEG 2000, JPG, tiff, bigtiff, bmp, PCX, gif, WBMP, PNG, RAW, JPEG, AVIF, PNM, BigTIFF, tif, TIFF, wbmp, jpeg, jxl, jbig2, jpeg-lossless, jpg, JPEG2000, BMP, pcx, GIF, Jpeg XL, heic, png, BIGTIFF, raw, heif, webp, JPEG-LOSSLESS, JBIG2, pnm, TIF, jpeg2000, WebP, HEIC, jpeg 2000, HEIF, avif]
2026-09-17T03:22:12.142-03:00  INFO 22308 --- [main] o.g.k.i.image.ImageConverter             : Supported read mediaTypes: [image/vnd.wap.wbmp, image/jpeg, image/x-portable-graymap, image/bmp, image/gif, image/x-windows-pcx, image/x-pc-paintbrush, image/x-raw, image/webp, image/heif-sequence, image/x-pcx, image/heic-sequence, image/avif, image/x-portable-bitmap, image/heif, image/heic, image/x-jb2, image/png, image/pcx, image/x-windows-bmp, image/jpeg2000, image/x-bmp, image/jp2, image/x-png, image/x-portable-pixmap, image/tiff, image/x-tiff, image/x-jbig2, image/x-portable-anymap, image/jxl]
2026-09-17T03:22:12.144-03:00  INFO 22308 --- [main] o.g.k.i.image.ImageConverter             : Supported write formats: [JPEG 2000, JPG, tiff, bigtiff, bmp, PCX, gif, WBMP, PNG, RAW, JPEG, AVIF, PNM, BigTIFF, tif, TIFF, wbmp, jpeg, jpg, JPEG2000, BMP, pcx, GIF, heic, png, BIGTIFF, raw, heif, pnm, TIF, jpeg2000, HEIC, jpeg 2000, HEIF, avif]
2026-09-17T03:22:12.145-03:00  INFO 22308 --- [main] o.g.k.i.image.ImageConverter             : Supported write mediaTypes: [image/vnd.wap.wbmp, image/jpeg, image/x-portable-graymap, image/bmp, image/gif, image/x-windows-pcx, image/x-pc-paintbrush, image/x-raw, image/heif-sequence, image/x-pcx, image/heic-sequence, image/avif, image/x-portable-bitmap, image/heif, image/heic, image/png, image/pcx, image/x-windows-bmp, image/jpeg2000, image/jp2, image/x-bmp, image/x-png, image/x-portable-pixmap, image/tiff, image/x-tiff, image/x-portable-anymap]
2026-09-17T03:22:12.358-03:00  INFO 22308 --- [main] com.zaxxer.hikari.HikariDataSource       : SqliteTasksPoolRW - Starting...
2026-09-17T03:22:12.381-03:00  INFO 22308 --- [main] com.zaxxer.hikari.pool.HikariPool        : SqliteTasksPoolRW - Added connection org.sqlite.jdbc4.JDBC4Connection@1b52f723
2026-09-17T03:22:12.382-03:00  INFO 22308 --- [main] com.zaxxer.hikari.HikariDataSource       : SqliteTasksPoolRW - Start completed.
2026-09-17T03:22:12.401-03:00  INFO 22308 --- [main] org.flywaydb.core.FlywayExecutor         : Database: jdbc:sqlite:C:\Users\calig\Documents\Projetos\Nexus\komga\config/tasks.sqlite (SQLite 3.53)
2026-09-17T03:22:12.407-03:00  INFO 22308 --- [main] o.f.c.i.s.JdbcTableSchemaHistory         : Schema history table "main"."flyway_schema_history" does not exist yet
2026-09-17T03:22:12.407-03:00  INFO 22308 --- [main] o.f.core.internal.command.DbValidate     : Successfully validated 1 migration (execution time 00:00.001s)
2026-09-17T03:22:12.408-03:00  INFO 22308 --- [main] o.f.c.i.s.JdbcTableSchemaHistory         : Creating Schema History table "main"."flyway_schema_history" ...
2026-09-17T03:22:12.423-03:00  INFO 22308 --- [main] o.f.core.internal.command.DbMigrate      : Current version of schema "main": << Empty Schema >>
2026-09-17T03:22:12.424-03:00  INFO 22308 --- [main] o.f.core.internal.command.DbMigrate      : Migrating schema "main" to version "20231013114850 - tasks"
2026-09-17T03:22:12.430-03:00  INFO 22308 --- [main] o.f.core.internal.command.DbMigrate      : Successfully applied 1 migration to schema "main", now at version v20231013114850 (execution time 00:00.000s)
2026-09-17T03:22:12.583-03:00  INFO 22308 --- [main] com.zaxxer.hikari.HikariDataSource       : SqliteTasksPoolRO - Starting...
2026-09-17T03:22:12.587-03:00  INFO 22308 --- [main] com.zaxxer.hikari.pool.HikariPool        : SqliteTasksPoolRO - Added connection org.sqlite.jdbc4.JDBC4Connection@517594dd
2026-09-17T03:22:12.587-03:00  INFO 22308 --- [main] com.zaxxer.hikari.HikariDataSource       : SqliteTasksPoolRO - Start completed.
2026-09-17T03:22:12.893-03:00  WARN 22308 --- [main] org.apache.lucene.store.MMapDirectory    : You are running with Java 22 or later. To make full use of MMapDirectory, please update Apache Lucene.
2026-09-17T03:22:12.906-03:00  WARN 22308 --- [main] ConfigServletWebServerApplicationContext : Exception encountered during context initialization - cancelling refresh attempt: org.springframework.beans.factory.UnsatisfiedDependencyException: Error creating bean with name 'taskHandler' defined in URL [jar:file:/C:/Users/calig/Documents/Projetos/Nexus/komga/runtime/app/komga-1.26.3-plain.jar!/org/gotson/komga/application/tasks/TaskHandler.class]: Unsatisfied dependency expressed through constructor parameter 4: Error creating bean with name 'libraryContentLifecycle' defined in URL [jar:file:/C:/Users/calig/Documents/Projetos/Nexus/komga/runtime/app/komga-1.26.3-plain.jar!/org/gotson/komga/domain/service/LibraryContentLifecycle.class]: Unsatisfied dependency expressed through constructor parameter 4: Error creating bean with name 'bookLifecycle' defined in URL [jar:file:/C:/Users/calig/Documents/Projetos/Nexus/komga/runtime/app/komga-1.26.3-plain.jar!/org/gotson/komga/domain/service/BookLifecycle.class]: Unsatisfied dependency expressed through constructor parameter 5: Error creating bean with name 'readListDao' defined in URL [jar:file:/C:/Users/calig/Documents/Projetos/Nexus/komga/runtime/app/komga-1.26.3-plain.jar!/org/gotson/komga/infrastructure/jooq/main/ReadListDao.class]: Unsatisfied dependency expressed through constructor parameter 2: Error creating bean with name 'luceneHelper' defined in URL [jar:file:/C:/Users/calig/Documents/Projetos/Nexus/komga/runtime/app/komga-1.26.3-plain.jar!/org/gotson/komga/infrastructure/search/LuceneHelper.class]: Unsatisfied dependency expressed through constructor parameter 0: Error creating bean with name 'diskDirectory' defined in class path resource [org/gotson/komga/infrastructure/search/LuceneConfiguration.class]: Failed to instantiate [org.apache.lucene.store.Directory]: Factory method 'diskDirectory' threw exception with message: C:\Users\calig\Documents\Projetos\Nexus\komga\config\lucene
2026-09-17T03:22:12.906-03:00  INFO 22308 --- [main] com.zaxxer.hikari.HikariDataSource       : SqliteTasksPoolRO - Shutdown initiated...
2026-09-17T03:22:12.908-03:00  INFO 22308 --- [main] com.zaxxer.hikari.HikariDataSource       : SqliteTasksPoolRO - Shutdown completed.
2026-09-17T03:22:12.909-03:00  INFO 22308 --- [main] com.zaxxer.hikari.HikariDataSource       : SqliteTasksPoolRW - Shutdown initiated...
2026-09-17T03:22:12.921-03:00  INFO 22308 --- [main] com.zaxxer.hikari.HikariDataSource       : SqliteTasksPoolRW - Shutdown completed.
2026-09-17T03:22:12.923-03:00  INFO 22308 --- [main] com.zaxxer.hikari.HikariDataSource       : SqliteMainPoolRO - Shutdown initiated...
2026-09-17T03:22:12.925-03:00  INFO 22308 --- [main] com.zaxxer.hikari.HikariDataSource       : SqliteMainPoolRO - Shutdown completed.
2026-09-17T03:22:12.925-03:00  INFO 22308 --- [main] com.zaxxer.hikari.HikariDataSource       : SqliteMainPoolRW - Shutdown initiated...
2026-09-17T03:22:12.953-03:00  INFO 22308 --- [main] com.zaxxer.hikari.HikariDataSource       : SqliteMainPoolRW - Shutdown completed.
2026-09-17T03:22:12.955-03:00  INFO 22308 --- [main] o.apache.catalina.core.StandardService   : Stopping service [Tomcat]
2026-09-17T03:22:12.983-03:00  INFO 22308 --- [main] .s.b.a.l.ConditionEvaluationReportLogger : 

Error starting ApplicationContext. To display the condition evaluation report re-run your application with 'debug' enabled.
2026-09-17T03:22:13.012-03:00 ERROR 22308 --- [main] o.s.boot.SpringApplication               : Application run failed

org.springframework.beans.factory.UnsatisfiedDependencyException: Error creating bean with name 'taskHandler' defined in URL [jar:file:/C:/Users/calig/Documents/Projetos/Nexus/komga/runtime/app/komga-1.26.3-plain.jar!/org/gotson/komga/application/tasks/TaskHandler.class]: Unsatisfied dependency expressed through constructor parameter 4: Error creating bean with name 'libraryContentLifecycle' defined in URL [jar:file:/C:/Users/calig/Documents/Projetos/Nexus/komga/runtime/app/komga-1.26.3-plain.jar!/org/gotson/komga/domain/service/LibraryContentLifecycle.class]: Unsatisfied dependency expressed through constructor parameter 4: Error creating bean with name 'bookLifecycle' defined in URL [jar:file:/C:/Users/calig/Documents/Projetos/Nexus/komga/runtime/app/komga-1.26.3-plain.jar!/org/gotson/komga/domain/service/BookLifecycle.class]: Unsatisfied dependency expressed through constructor parameter 5: Error creating bean with name 'readListDao' defined in URL [jar:file:/C:/Users/calig/Documents/Projetos/Nexus/komga/runtime/app/komga-1.26.3-plain.jar!/org/gotson/komga/infrastructure/jooq/main/ReadListDao.class]: Unsatisfied dependency expressed through constructor parameter 2: Error creating bean with name 'luceneHelper' defined in URL [jar:file:/C:/Users/calig/Documents/Projetos/Nexus/komga/runtime/app/komga-1.26.3-plain.jar!/org/gotson/komga/infrastructure/search/LuceneHelper.class]: Unsatisfied dependency expressed through constructor parameter 0: Error creating bean with name 'diskDirectory' defined in class path resource [org/gotson/komga/infrastructure/search/LuceneConfiguration.class]: Failed to instantiate [org.apache.lucene.store.Directory]: Factory method 'diskDirectory' threw exception with message: C:\Users\calig\Documents\Projetos\Nexus\komga\config\lucene
	at org.springframework.beans.factory.support.ConstructorResolver.createArgumentArray(ConstructorResolver.java:804) ~[spring-beans-6.2.19.jar:6.2.19]
	at org.springframework.beans.factory.support.ConstructorResolver.autowireConstructor(ConstructorResolver.java:240) ~[spring-beans-6.2.19.jar:6.2.19]
	at org.springframework.beans.factory.support.AbstractAutowireCapableBeanFactory.autowireConstructor(AbstractAutowireCapableBeanFactory.java:1393) ~[spring-beans-6.2.19.jar:6.2.19]
	at org.springframework.beans.factory.support.AbstractAutowireCapableBeanFactory.createBeanInstance(AbstractAutowireCapableBeanFactory.java:1230) ~[spring-beans-6.2.19.jar:6.2.19]
	at org.springframework.beans.factory.support.AbstractAutowireCapableBeanFactory.doCreateBean(AbstractAutowireCapableBeanFactory.java:569) ~[spring-beans-6.2.19.jar:6.2.19]
	at org.springframework.beans.factory.support.AbstractAutowireCapableBeanFactory.createBean(AbstractAutowireCapableBeanFactory.java:529) ~[spring-beans-6.2.19.jar:6.2.19]
	at org.springframework.beans.factory.support.AbstractBeanFactory.lambda$doGetBean$0(AbstractBeanFactory.java:339) ~[spring-beans-6.2.19.jar:6.2.19]
	at org.springframework.beans.factory.support.DefaultSingletonBeanRegistry.getSingleton(DefaultSingletonBeanRegistry.java:373) ~[spring-beans-6.2.19.jar:6.2.19]
	at org.springframework.beans.factory.support.AbstractBeanFactory.doGetBean(AbstractBeanFactory.java:337) ~[spring-beans-6.2.19.jar:6.2.19]
	at org.springframework.beans.factory.support.AbstractBeanFactory.getBean(AbstractBeanFactory.java:202) ~[spring-beans-6.2.19.jar:6.2.19]
	at org.springframework.beans.factory.support.DefaultListableBeanFactory.instantiateSingleton(DefaultListableBeanFactory.java:1235) ~[spring-beans-6.2.19.jar:6.2.19]
	at org.springframework.beans.factory.support.DefaultListableBeanFactory.preInstantiateSingleton(DefaultListableBeanFactory.java:1201) ~[spring-beans-6.2.19.jar:6.2.19]
	at org.springframework.beans.factory.support.DefaultListableBeanFactory.preInstantiateSingletons(DefaultListableBeanFactory.java:1130) ~[spring-beans-6.2.19.jar:6.2.19]
	at org.springframework.context.support.AbstractApplicationContext.finishBeanFactoryInitialization(AbstractApplicationContext.java:991) ~[spring-context-6.2.19.jar:6.2.19]
	at org.springframework.context.support.AbstractApplicationContext.refresh(AbstractApplicationContext.java:628) ~[spring-context-6.2.19.jar:6.2.19]
	at org.springframework.boot.web.servlet.context.ServletWebServerApplicationContext.refresh(ServletWebServerApplicationContext.java:146) ~[spring-boot-3.5.16.jar:3.5.16]
	at org.springframework.boot.SpringApplication.refresh(SpringApplication.java:752) ~[spring-boot-3.5.16.jar:3.5.16]
	at org.springframework.boot.SpringApplication.refreshContext(SpringApplication.java:439) ~[spring-boot-3.5.16.jar:3.5.16]
	at org.springframework.boot.SpringApplication.run(SpringApplication.java:318) ~[spring-boot-3.5.16.jar:3.5.16]
	at org.springframework.boot.builder.SpringApplicationBuilder.run(SpringApplicationBuilder.java:149) ~[spring-boot-3.5.16.jar:3.5.16]
	at org.gotson.komga.DesktopApplicationKt.main(DesktopApplication.kt:22) ~[komga-tray-1.26.3.jar:na]
Caused by: org.springframework.beans.factory.UnsatisfiedDependencyException: Error creating bean with name 'libraryContentLifecycle' defined in URL [jar:file:/C:/Users/calig/Documents/Projetos/Nexus/komga/runtime/app/komga-1.26.3-plain.jar!/org/gotson/komga/domain/service/LibraryContentLifecycle.class]: Unsatisfied dependency expressed through constructor parameter 4: Error creating bean with name 'bookLifecycle' defined in URL [jar:file:/C:/Users/calig/Documents/Projetos/Nexus/komga/runtime/app/komga-1.26.3-plain.jar!/org/gotson/komga/domain/service/BookLifecycle.class]: Unsatisfied dependency expressed through constructor parameter 5: Error creating bean with name 'readListDao' defined in URL [jar:file:/C:/Users/calig/Documents/Projetos/Nexus/komga/runtime/app/komga-1.26.3-plain.jar!/org/gotson/komga/infrastructure/jooq/main/ReadListDao.class]: Unsatisfied dependency expressed through constructor parameter 2: Error creating bean with name 'luceneHelper' defined in URL [jar:file:/C:/Users/calig/Documents/Projetos/Nexus/komga/runtime/app/komga-1.26.3-plain.jar!/org/gotson/komga/infrastructure/search/LuceneHelper.class]: Unsatisfied dependency expressed through constructor parameter 0: Error creating bean with name 'diskDirectory' defined in class path resource [org/gotson/komga/infrastructure/search/LuceneConfiguration.class]: Failed to instantiate [org.apache.lucene.store.Directory]: Factory method 'diskDirectory' threw exception with message: C:\Users\calig\Documents\Projetos\Nexus\komga\config\lucene
	at org.springframework.beans.factory.support.ConstructorResolver.createArgumentArray(ConstructorResolver.java:804) ~[spring-beans-6.2.19.jar:6.2.19]
	at org.springframework.beans.factory.support.ConstructorResolver.autowireConstructor(ConstructorResolver.java:240) ~[spring-beans-6.2.19.jar:6.2.19]
	at org.springframework.beans.factory.support.AbstractAutowireCapableBeanFactory.autowireConstructor(AbstractAutowireCapableBeanFactory.java:1393) ~[spring-beans-6.2.19.jar:6.2.19]
	at org.springframework.beans.factory.support.AbstractAutowireCapableBeanFactory.createBeanInstance(AbstractAutowireCapableBeanFactory.java:1230) ~[spring-beans-6.2.19.jar:6.2.19]
	at org.springframework.beans.factory.support.AbstractAutowireCapableBeanFactory.doCreateBean(AbstractAutowireCapableBeanFactory.java:569) ~[spring-beans-6.2.19.jar:6.2.19]
	at org.springframework.beans.factory.support.AbstractAutowireCapableBeanFactory.createBean(AbstractAutowireCapableBeanFactory.java:529) ~[spring-beans-6.2.19.jar:6.2.19]
	at org.springframework.beans.factory.support.AbstractBeanFactory.lambda$doGetBean$0(AbstractBeanFactory.java:339) ~[spring-beans-6.2.19.jar:6.2.19]
	at org.springframework.beans.factory.support.DefaultSingletonBeanRegistry.getSingleton(DefaultSingletonBeanRegistry.java:373) ~[spring-beans-6.2.19.jar:6.2.19]
	at org.springframework.beans.factory.support.AbstractBeanFactory.doGetBean(AbstractBeanFactory.java:337) ~[spring-beans-6.2.19.jar:6.2.19]
	at org.springframework.beans.factory.support.AbstractBeanFactory.getBean(AbstractBeanFactory.java:202) ~[spring-beans-6.2.19.jar:6.2.19]
	at org.springframework.beans.factory.support.DefaultListableBeanFactory.doResolveDependency(DefaultListableBeanFactory.java:1715) ~[spring-beans-6.2.19.jar:6.2.19]
	at org.springframework.beans.factory.support.DefaultListableBeanFactory.resolveDependency(DefaultListableBeanFactory.java:1660) ~[spring-beans-6.2.19.jar:6.2.19]
	at org.springframework.beans.factory.support.ConstructorResolver.resolveAutowiredArgument(ConstructorResolver.java:913) ~[spring-beans-6.2.19.jar:6.2.19]
	at org.springframework.beans.factory.support.ConstructorResolver.createArgumentArray(ConstructorResolver.java:791) ~[spring-beans-6.2.19.jar:6.2.19]
	... 20 common frames omitted
Caused by: org.springframework.beans.factory.UnsatisfiedDependencyException: Error creating bean with name 'bookLifecycle' defined in URL [jar:file:/C:/Users/calig/Documents/Projetos/Nexus/komga/runtime/app/komga-1.26.3-plain.jar!/org/gotson/komga/domain/service/BookLifecycle.class]: Unsatisfied dependency expressed through constructor parameter 5: Error creating bean with name 'readListDao' defined in URL [jar:file:/C:/Users/calig/Documents/Projetos/Nexus/komga/runtime/app/komga-1.26.3-plain.jar!/org/gotson/komga/infrastructure/jooq/main/ReadListDao.class]: Unsatisfied dependency expressed through constructor parameter 2: Error creating bean with name 'luceneHelper' defined in URL [jar:file:/C:/Users/calig/Documents/Projetos/Nexus/komga/runtime/app/komga-1.26.3-plain.jar!/org/gotson/komga/infrastructure/search/LuceneHelper.class]: Unsatisfied dependency expressed through constructor parameter 0: Error creating bean with name 'diskDirectory' defined in class path resource [org/gotson/komga/infrastructure/search/LuceneConfiguration.class]: Failed to instantiate [org.apache.lucene.store.Directory]: Factory method 'diskDirectory' threw exception with message: C:\Users\calig\Documents\Projetos\Nexus\komga\config\lucene
	at org.springframework.beans.factory.support.ConstructorResolver.createArgumentArray(ConstructorResolver.java:804) ~[spring-beans-6.2.19.jar:6.2.19]
	at org.springframework.beans.factory.support.ConstructorResolver.autowireConstructor(ConstructorResolver.java:240) ~[spring-beans-6.2.19.jar:6.2.19]
	at org.springframework.beans.factory.support.AbstractAutowireCapableBeanFactory.autowireConstructor(AbstractAutowireCapableBeanFactory.java:1393) ~[spring-beans-6.2.19.jar:6.2.19]
	at org.springframework.beans.factory.support.AbstractAutowireCapableBeanFactory.createBeanInstance(AbstractAutowireCapableBeanFactory.java:1230) ~[spring-beans-6.2.19.jar:6.2.19]
	at org.springframework.beans.factory.support.AbstractAutowireCapableBeanFactory.doCreateBean(AbstractAutowireCapableBeanFactory.java:569) ~[spring-beans-6.2.19.jar:6.2.19]
	at org.springframework.beans.factory.support.AbstractAutowireCapableBeanFactory.createBean(AbstractAutowireCapableBeanFactory.java:529) ~[spring-beans-6.2.19.jar:6.2.19]
	at org.springframework.beans.factory.support.AbstractBeanFactory.lambda$doGetBean$0(AbstractBeanFactory.java:339) ~[spring-beans-6.2.19.jar:6.2.19]
	at org.springframework.beans.factory.support.DefaultSingletonBeanRegistry.getSingleton(DefaultSingletonBeanRegistry.java:373) ~[spring-beans-6.2.19.jar:6.2.19]
	at org.springframework.beans.factory.support.AbstractBeanFactory.doGetBean(AbstractBeanFactory.java:337) ~[spring-beans-6.2.19.jar:6.2.19]
	at org.springframework.beans.factory.support.AbstractBeanFactory.getBean(AbstractBeanFactory.java:202) ~[spring-beans-6.2.19.jar:6.2.19]
	at org.springframework.beans.factory.support.DefaultListableBeanFactory.doResolveDependency(DefaultListableBeanFactory.java:1715) ~[spring-beans-6.2.19.jar:6.2.19]
	at org.springframework.beans.factory.support.DefaultListableBeanFactory.resolveDependency(DefaultListableBeanFactory.java:1660) ~[spring-beans-6.2.19.jar:6.2.19]
	at org.springframework.beans.factory.support.ConstructorResolver.resolveAutowiredArgument(ConstructorResolver.java:913) ~[spring-beans-6.2.19.jar:6.2.19]
	at org.springframework.beans.factory.support.ConstructorResolver.createArgumentArray(ConstructorResolver.java:791) ~[spring-beans-6.2.19.jar:6.2.19]
	... 33 common frames omitted
Caused by: org.springframework.beans.factory.UnsatisfiedDependencyException: Error creating bean with name 'readListDao' defined in URL [jar:file:/C:/Users/calig/Documents/Projetos/Nexus/komga/runtime/app/komga-1.26.3-plain.jar!/org/gotson/komga/infrastructure/jooq/main/ReadListDao.class]: Unsatisfied dependency expressed through constructor parameter 2: Error creating bean with name 'luceneHelper' defined in URL [jar:file:/C:/Users/calig/Documents/Projetos/Nexus/komga/runtime/app/komga-1.26.3-plain.jar!/org/gotson/komga/infrastructure/search/LuceneHelper.class]: Unsatisfied dependency expressed through constructor parameter 0: Error creating bean with name 'diskDirectory' defined in class path resource [org/gotson/komga/infrastructure/search/LuceneConfiguration.class]: Failed to instantiate [org.apache.lucene.store.Directory]: Factory method 'diskDirectory' threw exception with message: C:\Users\calig\Documents\Projetos\Nexus\komga\config\lucene
	at org.springframework.beans.factory.support.ConstructorResolver.createArgumentArray(ConstructorResolver.java:804) ~[spring-beans-6.2.19.jar:6.2.19]
	at org.springframework.beans.factory.support.ConstructorResolver.autowireConstructor(ConstructorResolver.java:240) ~[spring-beans-6.2.19.jar:6.2.19]
	at org.springframework.beans.factory.support.AbstractAutowireCapableBeanFactory.autowireConstructor(AbstractAutowireCapableBeanFactory.java:1393) ~[spring-beans-6.2.19.jar:6.2.19]
	at org.springframework.beans.factory.support.AbstractAutowireCapableBeanFactory.createBeanInstance(AbstractAutowireCapableBeanFactory.java:1230) ~[spring-beans-6.2.19.jar:6.2.19]
	at org.springframework.beans.factory.support.AbstractAutowireCapableBeanFactory.doCreateBean(AbstractAutowireCapableBeanFactory.java:569) ~[spring-beans-6.2.19.jar:6.2.19]
	at org.springframework.beans.factory.support.AbstractAutowireCapableBeanFactory.createBean(AbstractAutowireCapableBeanFactory.java:529) ~[spring-beans-6.2.19.jar:6.2.19]
	at org.springframework.beans.factory.support.AbstractBeanFactory.lambda$doGetBean$0(AbstractBeanFactory.java:339) ~[spring-beans-6.2.19.jar:6.2.19]
	at org.springframework.beans.factory.support.DefaultSingletonBeanRegistry.getSingleton(DefaultSingletonBeanRegistry.java:373) ~[spring-beans-6.2.19.jar:6.2.19]
	at org.springframework.beans.factory.support.AbstractBeanFactory.doGetBean(AbstractBeanFactory.java:337) ~[spring-beans-6.2.19.jar:6.2.19]
	at org.springframework.beans.factory.support.AbstractBeanFactory.getBean(AbstractBeanFactory.java:202) ~[spring-beans-6.2.19.jar:6.2.19]
	at org.springframework.beans.factory.config.DependencyDescriptor.resolveCandidate(DependencyDescriptor.java:254) ~[spring-beans-6.2.19.jar:6.2.19]
	at org.springframework.beans.factory.support.DefaultListableBeanFactory.doResolveDependency(DefaultListableBeanFactory.java:1777) ~[spring-beans-6.2.19.jar:6.2.19]
	at org.springframework.beans.factory.support.DefaultListableBeanFactory.resolveDependency(DefaultListableBeanFactory.java:1660) ~[spring-beans-6.2.19.jar:6.2.19]
	at org.springframework.beans.factory.support.ConstructorResolver.resolveAutowiredArgument(ConstructorResolver.java:913) ~[spring-beans-6.2.19.jar:6.2.19]
	at org.springframework.beans.factory.support.ConstructorResolver.createArgumentArray(ConstructorResolver.java:791) ~[spring-beans-6.2.19.jar:6.2.19]
	... 46 common frames omitted
Caused by: org.springframework.beans.factory.UnsatisfiedDependencyException: Error creating bean with name 'luceneHelper' defined in URL [jar:file:/C:/Users/calig/Documents/Projetos/Nexus/komga/runtime/app/komga-1.26.3-plain.jar!/org/gotson/komga/infrastructure/search/LuceneHelper.class]: Unsatisfied dependency expressed through constructor parameter 0: Error creating bean with name 'diskDirectory' defined in class path resource [org/gotson/komga/infrastructure/search/LuceneConfiguration.class]: Failed to instantiate [org.apache.lucene.store.Directory]: Factory method 'diskDirectory' threw exception with message: C:\Users\calig\Documents\Projetos\Nexus\komga\config\lucene
	at org.springframework.beans.factory.support.ConstructorResolver.createArgumentArray(ConstructorResolver.java:804) ~[spring-beans-6.2.19.jar:6.2.19]
	at org.springframework.beans.factory.support.ConstructorResolver.autowireConstructor(ConstructorResolver.java:240) ~[spring-beans-6.2.19.jar:6.2.19]
	at org.springframework.beans.factory.support.AbstractAutowireCapableBeanFactory.autowireConstructor(AbstractAutowireCapableBeanFactory.java:1393) ~[spring-beans-6.2.19.jar:6.2.19]
	at org.springframework.beans.factory.support.AbstractAutowireCapableBeanFactory.createBeanInstance(AbstractAutowireCapableBeanFactory.java:1230) ~[spring-beans-6.2.19.jar:6.2.19]
	at org.springframework.beans.factory.support.AbstractAutowireCapableBeanFactory.doCreateBean(AbstractAutowireCapableBeanFactory.java:569) ~[spring-beans-6.2.19.jar:6.2.19]
	at org.springframework.beans.factory.support.AbstractAutowireCapableBeanFactory.createBean(AbstractAutowireCapableBeanFactory.java:529) ~[spring-beans-6.2.19.jar:6.2.19]
	at org.springframework.beans.factory.support.AbstractBeanFactory.lambda$doGetBean$0(AbstractBeanFactory.java:339) ~[spring-beans-6.2.19.jar:6.2.19]
	at org.springframework.beans.factory.support.DefaultSingletonBeanRegistry.getSingleton(DefaultSingletonBeanRegistry.java:373) ~[spring-beans-6.2.19.jar:6.2.19]
	at org.springframework.beans.factory.support.AbstractBeanFactory.doGetBean(AbstractBeanFactory.java:337) ~[spring-beans-6.2.19.jar:6.2.19]
	at org.springframework.beans.factory.support.AbstractBeanFactory.getBean(AbstractBeanFactory.java:202) ~[spring-beans-6.2.19.jar:6.2.19]
	at org.springframework.beans.factory.support.DefaultListableBeanFactory.doResolveDependency(DefaultListableBeanFactory.java:1715) ~[spring-beans-6.2.19.jar:6.2.19]
	at org.springframework.beans.factory.support.DefaultListableBeanFactory.resolveDependency(DefaultListableBeanFactory.java:1660) ~[spring-beans-6.2.19.jar:6.2.19]
	at org.springframework.beans.factory.support.ConstructorResolver.resolveAutowiredArgument(ConstructorResolver.java:913) ~[spring-beans-6.2.19.jar:6.2.19]
	at org.springframework.beans.factory.support.ConstructorResolver.createArgumentArray(ConstructorResolver.java:791) ~[spring-beans-6.2.19.jar:6.2.19]
	... 60 common frames omitted
Caused by: org.springframework.beans.factory.BeanCreationException: Error creating bean with name 'diskDirectory' defined in class path resource [org/gotson/komga/infrastructure/search/LuceneConfiguration.class]: Failed to instantiate [org.apache.lucene.store.Directory]: Factory method 'diskDirectory' threw exception with message: C:\Users\calig\Documents\Projetos\Nexus\komga\config\lucene
	at org.springframework.beans.factory.support.ConstructorResolver.instantiate(ConstructorResolver.java:657) ~[spring-beans-6.2.19.jar:6.2.19]
	at org.springframework.beans.factory.support.ConstructorResolver.instantiateUsingFactoryMethod(ConstructorResolver.java:489) ~[spring-beans-6.2.19.jar:6.2.19]
	at org.springframework.beans.factory.support.AbstractAutowireCapableBeanFactory.instantiateUsingFactoryMethod(AbstractAutowireCapableBeanFactory.java:1373) ~[spring-beans-6.2.19.jar:6.2.19]
	at org.springframework.beans.factory.support.AbstractAutowireCapableBeanFactory.createBeanInstance(AbstractAutowireCapableBeanFactory.java:1203) ~[spring-beans-6.2.19.jar:6.2.19]
	at org.springframework.beans.factory.support.AbstractAutowireCapableBeanFactory.doCreateBean(AbstractAutowireCapableBeanFactory.java:569) ~[spring-beans-6.2.19.jar:6.2.19]
	at org.springframework.beans.factory.support.AbstractAutowireCapableBeanFactory.createBean(AbstractAutowireCapableBeanFactory.java:529) ~[spring-beans-6.2.19.jar:6.2.19]
	at org.springframework.beans.factory.support.AbstractBeanFactory.lambda$doGetBean$0(AbstractBeanFactory.java:339) ~[spring-beans-6.2.19.jar:6.2.19]
	at org.springframework.beans.factory.support.DefaultSingletonBeanRegistry.getSingleton(DefaultSingletonBeanRegistry.java:373) ~[spring-beans-6.2.19.jar:6.2.19]
	at org.springframework.beans.factory.support.AbstractBeanFactory.doGetBean(AbstractBeanFactory.java:337) ~[spring-beans-6.2.19.jar:6.2.19]
	at org.springframework.beans.factory.support.AbstractBeanFactory.getBean(AbstractBeanFactory.java:202) ~[spring-beans-6.2.19.jar:6.2.19]
	at org.springframework.beans.factory.config.DependencyDescriptor.resolveCandidate(DependencyDescriptor.java:254) ~[spring-beans-6.2.19.jar:6.2.19]
	at org.springframework.beans.factory.support.DefaultListableBeanFactory.doResolveDependency(DefaultListableBeanFactory.java:1777) ~[spring-beans-6.2.19.jar:6.2.19]
	at org.springframework.beans.factory.support.DefaultListableBeanFactory.resolveDependency(DefaultListableBeanFactory.java:1660) ~[spring-beans-6.2.19.jar:6.2.19]
	at org.springframework.beans.factory.support.ConstructorResolver.resolveAutowiredArgument(ConstructorResolver.java:913) ~[spring-beans-6.2.19.jar:6.2.19]
	at org.springframework.beans.factory.support.ConstructorResolver.createArgumentArray(ConstructorResolver.java:791) ~[spring-beans-6.2.19.jar:6.2.19]
	... 73 common frames omitted
Caused by: org.springframework.beans.BeanInstantiationException: Failed to instantiate [org.apache.lucene.store.Directory]: Factory method 'diskDirectory' threw exception with message: C:\Users\calig\Documents\Projetos\Nexus\komga\config\lucene
	at org.springframework.beans.factory.support.SimpleInstantiationStrategy.lambda$instantiate$0(SimpleInstantiationStrategy.java:200) ~[spring-beans-6.2.19.jar:6.2.19]
	at org.springframework.beans.factory.support.SimpleInstantiationStrategy.instantiateWithFactoryMethod(SimpleInstantiationStrategy.java:89) ~[spring-beans-6.2.19.jar:6.2.19]
	at org.springframework.beans.factory.support.SimpleInstantiationStrategy.instantiate(SimpleInstantiationStrategy.java:169) ~[spring-beans-6.2.19.jar:6.2.19]
	at org.springframework.beans.factory.support.ConstructorResolver.instantiate(ConstructorResolver.java:653) ~[spring-beans-6.2.19.jar:6.2.19]
	... 87 common frames omitted
Caused by: java.nio.file.AccessDeniedException: C:\Users\calig\Documents\Projetos\Nexus\komga\config\lucene
	at java.base/sun.nio.fs.WindowsException.translateToIOException(WindowsException.java:89) ~[na:na]
	at java.base/sun.nio.fs.WindowsException.rethrowAsIOException(WindowsException.java:96) ~[na:na]
	at java.base/sun.nio.fs.WindowsLinkSupport.getRealPath(WindowsLinkSupport.java:288) ~[na:na]
	at java.base/sun.nio.fs.WindowsPath.toRealPath(WindowsPath.java:944) ~[na:na]
	at java.base/sun.nio.fs.WindowsPath.toRealPath(WindowsPath.java:42) ~[na:na]
	at org.apache.lucene.store.FSDirectory.<init>(FSDirectory.java:130) ~[lucene-core-9.9.1.jar:9.9.1 eee32cbf5e072a8c9d459c349549094230038308 - 2023-12-13 11:03:02]
	at org.apache.lucene.store.MMapDirectory.<init>(MMapDirectory.java:237) ~[lucene-core-9.9.1.jar:9.9.1 eee32cbf5e072a8c9d459c349549094230038308 - 2023-12-13 11:03:02]
	at org.apache.lucene.store.MMapDirectory.<init>(MMapDirectory.java:166) ~[lucene-core-9.9.1.jar:9.9.1 eee32cbf5e072a8c9d459c349549094230038308 - 2023-12-13 11:03:02]
	at org.apache.lucene.store.FSDirectory.open(FSDirectory.java:162) ~[lucene-core-9.9.1.jar:9.9.1 eee32cbf5e072a8c9d459c349549094230038308 - 2023-12-13 11:03:02]
	at org.gotson.komga.infrastructure.search.LuceneConfiguration.diskDirectory(LuceneConfiguration.kt:37) ~[komga-1.26.3-plain.jar:na]
	at org.gotson.komga.infrastructure.search.LuceneConfiguration$$SpringCGLIB$$0.CGLIB$diskDirectory$5(<generated>) ~[komga-1.26.3-plain.jar:na]
	at org.gotson.komga.infrastructure.search.LuceneConfiguration$$SpringCGLIB$$FastClass$$1.invoke(<generated>) ~[komga-1.26.3-plain.jar:na]
	at org.springframework.cglib.proxy.MethodProxy.invokeSuper(MethodProxy.java:258) ~[spring-core-6.2.19.jar:6.2.19]
	at org.springframework.context.annotation.ConfigurationClassEnhancer$BeanMethodInterceptor.intercept(ConfigurationClassEnhancer.java:400) ~[spring-context-6.2.19.jar:6.2.19]
	at org.gotson.komga.infrastructure.search.LuceneConfiguration$$SpringCGLIB$$0.diskDirectory(<generated>) ~[komga-1.26.3-plain.jar:na]
	at java.base/jdk.internal.reflect.DirectMethodHandleAccessor.invoke(DirectMethodHandleAccessor.java:103) ~[na:na]
	at java.base/java.lang.reflect.Method.invoke(Method.java:580) ~[na:na]
	at org.springframework.beans.factory.support.SimpleInstantiationStrategy.lambda$instantiate$0(SimpleInstantiationStrategy.java:172) ~[spring-beans-6.2.19.jar:6.2.19]
	... 90 common frames omitted

